// Jest Snapshot v1, https://goo.gl/fbAQLP

exports[`main spec configuration ignores json-with-comments-files (for now) 1`] = `
"[@cypress/eslint-plugin-json]: Skipping file due to \\"json/json-with-comments-files\\" setting: 
  [\\"**/tsconfig.json\\", \\".vscode/**\\"]
To remove this warning add \\".vscode/settings.json\\" to your \`.eslintignore\` file"
`;

exports[`main spec errors bad settings @deprecate json-with-comments-filenames 1`] = `
"Eslint Settings Error: [json]:
  Using deprecated settings key: \\"json/json-with-comments-filenames\\"
  Please rename this settings key to: \\"json/json-with-comments-files\\""
`;

exports[`main spec errors bad settings @deprecate package-json-sort-order 1`] = `
"Eslint Settings Error: [json]:
  Using deprecated settings key: \\"json/package-json-sort-order\\"
  Please rename this settings key to: \\"json/sort-package-json\\""
`;
